ishimotoidzumi@ishimotoidzuminoMacBook-Pro ~ % mkdir git_challenge
ishimotoidzumi@ishimotoidzuminoMacBook-Pro ~ % git init
Reinitialized existing Git repository in /Users/ishimotoidzumi/.git/
ishimotoidzumi@ishimotoidzuminoMacBook-Pro ~ % cd git_challenge
ishimotoidzumi@ishimotoidzuminoMacBook-Pro git_challenge % touch hello_world.txt
ishimotoidzumi@ishimotoidzuminoMacBook-Pro git_challenge % git add hello_world.txt
ishimotoidzumi@ishimotoidzuminoMacBook-Pro git_challenge % git commit -m"add text"
[main (root-commit) 42311cd] add text
 1 file changed, 1 insertion(+)
 create mode 100644 git_challenge/hello_world.txt
ishimotoidzumi@ishimotoidzuminoMacBook-Pro git_challenge % git add hello_world.txt
ishimotoidzumi@ishimotoidzuminoMacBook-Pro git_challenge % git commit -m"add text2"
[main 08d7600] add text2
 1 file changed, 2 insertions(+), 1 deletion(-)
ishimotoidzumi@ishimotoidzuminoMacBook-Pro git_challenge % git log --oneline
08d7600 (HEAD -> main) add text2
42311cd add text
ishimotoidzumi@ishimotoidzuminoMacBook-Pro git_challenge % pwd
/Users/ishimotoidzumi/git_challenge
ishimotoidzumi@ishimotoidzuminoMacBook-Pro git_challenge % mkdir kadai_005
ishimotoidzumi@ishimotoidzuminoMacBook-Pro git_challenge % cd kadai_005
ishimotoidzumi@ishimotoidzuminoMacBook-Pro kadai_005 % touch kadai_005.txt